// Jest Snapshot v1, https://goo.gl/fbAQLP

exports[`Test on <DesignContent /> component Should render without the props 1`] = `
<div
  className="container-fluid"
>
  <div
    className="row"
  >
    <div
      className="col-12 pb-3 text-right"
    >
      <p
        className="h2 mb-3 fontBold txtcolBlack"
      >
        Commercial Design
      </p>
      <hr
        className="goldHR w-100"
      />
    </div>
    <div
      className="col-12 col-lg-2 col-md-6 text-center"
    >
      <span
        className="btn active mb-4 btn-info"
        onClick={[Function]}
      >
        Banners
      </span>
    </div>
    <div
      className="col-12 col-lg-2 col-md-6 text-center"
    >
      <span
        className="btn  mb-4 btn-info"
        onClick={[Function]}
      >
        Posters
      </span>
    </div>
    <div
      className="col-12 col-lg-2 col-md-6 text-center"
    >
      <span
        className="btn  mb-4 btn-info"
        onClick={[Function]}
      >
        Newsletters
      </span>
    </div>
    <div
      className="col-12 col-lg-2 col-md-6 text-center"
    >
      <span
        className="btn  mb-4 btn-info"
        onClick={[Function]}
      >
        Motion
      </span>
    </div>
    <div
      className="col-12 col-lg-2 col-md-6 text-center"
    >
      <span
        className="btn  mb-4 btn-info"
        onClick={[Function]}
      >
        Logos
      </span>
    </div>
    <div
      className="col-12 col-lg-2 col-md-6 text-center"
    >
      <span
        className="btn  mb-4 btn-info"
        onClick={[Function]}
      >
        Artworks
      </span>
    </div>
    <div
      className="col-12 mb-3"
    >
      <div
        className="carousel slide"
        data-ride="carousel"
        id="designCarousel"
      >
        <div
          className="carousel-inner text-center px-5"
        >
          <div
            className="carousel-item active"
          >
            <img
              alt="test-file-stub"
              className="imgHei"
              src="test-file-stub"
            />
          </div>
          <div
            className="carousel-item "
          >
            <img
              alt="test-file-stub"
              className="imgHei"
              src="test-file-stub"
            />
          </div>
          <div
            className="carousel-item "
          >
            <img
              alt="test-file-stub"
              className="imgHei"
              src="test-file-stub"
            />
          </div>
          <div
            className="carousel-item "
          >
            <img
              alt="test-file-stub"
              className="imgHei"
              src="test-file-stub"
            />
          </div>
          <div
            className="carousel-item "
          >
            <img
              alt="test-file-stub"
              className="imgHei"
              src="test-file-stub"
            />
          </div>
          <div
            className="carousel-item "
          >
            <img
              alt="test-file-stub"
              className="imgHei"
              src="test-file-stub"
            />
          </div>
          <div
            className="carousel-item "
          >
            <img
              alt="test-file-stub"
              className="imgHei"
              src="test-file-stub"
            />
          </div>
          <div
            className="carousel-item "
          >
            <img
              alt="test-file-stub"
              className="imgHei"
              src="test-file-stub"
            />
          </div>
        </div>
        <a
          className="carouseControl carouselPrev carousel-control-prev"
          data-slide="prev"
          href="#designCarousel"
          role="button"
        >
          <span
            aria-hidden="true"
            className="carouselArrows carousel-control-prev-icon"
          />
          <span
            className="sr-only"
          >
            Previous
          </span>
        </a>
        <a
          className="carouseControl carouselNext carousel-control-next"
          data-slide="next"
          href="#designCarousel"
          role="button"
        >
          <span
            aria-hidden="true"
            className="carouselArrows carouselRight carousel-control-next-icon"
          />
          <span
            className="sr-only"
          >
            Next
          </span>
        </a>
      </div>
    </div>
  </div>
</div>
`;
