// Jest Snapshot v1, https://goo.gl/fbAQLP

exports[`Test on <UIContent /> component Should render without the props 1`] = `
<div
  className="container-fluid"
>
  <div
    className="row"
  >
    <div
      className="col-12"
    >
      <p
        className="h2 mb-3 fontBold txtcolBlack"
      >
        Web/App UI Design, Prototypes & Coding Specification
      </p>
      <hr
        className="goldHR w-100"
      />
    </div>
    <div
      className="col-12"
    >
      <section
        aria-hidden="true"
        className="w-100  colapStyle"
        onClick={[Function]}
      >
        <div
          className="row"
        >
          <div
            className="col-10"
          >
            <p
              className="gcLight mb-0 h4 mt-1"
            >
              Kakoi - Manga Reading App
            </p>
          </div>
          <div
            className="col-2 text-right"
          >
            <span
              aria-hidden="true"
              className="txtGold gcBold d-inline-block align-middle h2 mb-0"
              onClick={[Function]}
            >
              <svg
                aria-hidden="true"
                className="svg-inline--fa fa-plus "
                data-icon="plus"
                data-prefix="fas"
                focusable="false"
                role="img"
                style={{}}
                viewBox="0 0 448 512"
                xmlns="http://www.w3.org/2000/svg"
              >
                <path
                  d="M240 80c0-17.7-14.3-32-32-32s-32 14.3-32 32V224H32c-17.7 0-32 14.3-32 32s14.3 32 32 32H176V432c0 17.7 14.3 32 32 32s32-14.3 32-32V288H384c17.7 0 32-14.3 32-32s-14.3-32-32-32H240V80z"
                  fill="currentColor"
                  style={{}}
                />
              </svg>
            </span>
          </div>
        </div>
      </section>
    </div>
    <div
      className="col-12"
    >
      <section
        aria-hidden="true"
        className="w-100  colapStyle"
        onClick={[Function]}
      >
        <div
          className="row"
        >
          <div
            className="col-10"
          >
            <p
              className="gcLight mb-0 h4 mt-1"
            >
              Ui Spec 2
            </p>
          </div>
          <div
            className="col-2 text-right"
          >
            <span
              aria-hidden="true"
              className="txtGold gcBold d-inline-block align-middle h2 mb-0"
              onClick={[Function]}
            >
              <svg
                aria-hidden="true"
                className="svg-inline--fa fa-plus "
                data-icon="plus"
                data-prefix="fas"
                focusable="false"
                role="img"
                style={{}}
                viewBox="0 0 448 512"
                xmlns="http://www.w3.org/2000/svg"
              >
                <path
                  d="M240 80c0-17.7-14.3-32-32-32s-32 14.3-32 32V224H32c-17.7 0-32 14.3-32 32s14.3 32 32 32H176V432c0 17.7 14.3 32 32 32s32-14.3 32-32V288H384c17.7 0 32-14.3 32-32s-14.3-32-32-32H240V80z"
                  fill="currentColor"
                  style={{}}
                />
              </svg>
            </span>
          </div>
        </div>
      </section>
    </div>
    <div
      className="col-12"
    >
      <section
        aria-hidden="true"
        className="w-100  colapStyle"
        onClick={[Function]}
      >
        <div
          className="row"
        >
          <div
            className="col-10"
          >
            <p
              className="gcLight mb-0 h4 mt-1"
            >
              Ui Spec 3
            </p>
          </div>
          <div
            className="col-2 text-right"
          >
            <span
              aria-hidden="true"
              className="txtGold gcBold d-inline-block align-middle h2 mb-0"
              onClick={[Function]}
            >
              <svg
                aria-hidden="true"
                className="svg-inline--fa fa-plus "
                data-icon="plus"
                data-prefix="fas"
                focusable="false"
                role="img"
                style={{}}
                viewBox="0 0 448 512"
                xmlns="http://www.w3.org/2000/svg"
              >
                <path
                  d="M240 80c0-17.7-14.3-32-32-32s-32 14.3-32 32V224H32c-17.7 0-32 14.3-32 32s14.3 32 32 32H176V432c0 17.7 14.3 32 32 32s32-14.3 32-32V288H384c17.7 0 32-14.3 32-32s-14.3-32-32-32H240V80z"
                  fill="currentColor"
                  style={{}}
                />
              </svg>
            </span>
          </div>
        </div>
      </section>
    </div>
    <div
      className="col-12"
    >
      <section
        aria-hidden="true"
        className="w-100  colapStyle"
        onClick={[Function]}
      >
        <div
          className="row"
        >
          <div
            className="col-10"
          >
            <p
              className="gcLight mb-0 h4 mt-1"
            >
              Ui Spec 4
            </p>
          </div>
          <div
            className="col-2 text-right"
          >
            <span
              aria-hidden="true"
              className="txtGold gcBold d-inline-block align-middle h2 mb-0"
              onClick={[Function]}
            >
              <svg
                aria-hidden="true"
                className="svg-inline--fa fa-plus "
                data-icon="plus"
                data-prefix="fas"
                focusable="false"
                role="img"
                style={{}}
                viewBox="0 0 448 512"
                xmlns="http://www.w3.org/2000/svg"
              >
                <path
                  d="M240 80c0-17.7-14.3-32-32-32s-32 14.3-32 32V224H32c-17.7 0-32 14.3-32 32s14.3 32 32 32H176V432c0 17.7 14.3 32 32 32s32-14.3 32-32V288H384c17.7 0 32-14.3 32-32s-14.3-32-32-32H240V80z"
                  fill="currentColor"
                  style={{}}
                />
              </svg>
            </span>
          </div>
        </div>
      </section>
    </div>
    <div
      className="col-12"
    >
      <section
        aria-hidden="true"
        className="w-100  colapStyle"
        onClick={[Function]}
      >
        <div
          className="row"
        >
          <div
            className="col-10"
          >
            <p
              className="gcLight mb-0 h4 mt-1"
            >
              Ui Spec 5
            </p>
          </div>
          <div
            className="col-2 text-right"
          >
            <span
              aria-hidden="true"
              className="txtGold gcBold d-inline-block align-middle h2 mb-0"
              onClick={[Function]}
            >
              <svg
                aria-hidden="true"
                className="svg-inline--fa fa-plus "
                data-icon="plus"
                data-prefix="fas"
                focusable="false"
                role="img"
                style={{}}
                viewBox="0 0 448 512"
                xmlns="http://www.w3.org/2000/svg"
              >
                <path
                  d="M240 80c0-17.7-14.3-32-32-32s-32 14.3-32 32V224H32c-17.7 0-32 14.3-32 32s14.3 32 32 32H176V432c0 17.7 14.3 32 32 32s32-14.3 32-32V288H384c17.7 0 32-14.3 32-32s-14.3-32-32-32H240V80z"
                  fill="currentColor"
                  style={{}}
                />
              </svg>
            </span>
          </div>
        </div>
      </section>
    </div>
    <div
      className="col-12"
    >
      <section
        aria-hidden="true"
        className="w-100  colapStyle"
        onClick={[Function]}
      >
        <div
          className="row"
        >
          <div
            className="col-10"
          >
            <p
              className="gcLight mb-0 h4 mt-1"
            >
              Ui Spec 6
            </p>
          </div>
          <div
            className="col-2 text-right"
          >
            <span
              aria-hidden="true"
              className="txtGold gcBold d-inline-block align-middle h2 mb-0"
              onClick={[Function]}
            >
              <svg
                aria-hidden="true"
                className="svg-inline--fa fa-plus "
                data-icon="plus"
                data-prefix="fas"
                focusable="false"
                role="img"
                style={{}}
                viewBox="0 0 448 512"
                xmlns="http://www.w3.org/2000/svg"
              >
                <path
                  d="M240 80c0-17.7-14.3-32-32-32s-32 14.3-32 32V224H32c-17.7 0-32 14.3-32 32s14.3 32 32 32H176V432c0 17.7 14.3 32 32 32s32-14.3 32-32V288H384c17.7 0 32-14.3 32-32s-14.3-32-32-32H240V80z"
                  fill="currentColor"
                  style={{}}
                />
              </svg>
            </span>
          </div>
        </div>
      </section>
    </div>
    <div
      className="col-12"
    >
      <section
        aria-hidden="true"
        className="w-100  colapStyle"
        onClick={[Function]}
      >
        <div
          className="row"
        >
          <div
            className="col-10"
          >
            <p
              className="gcLight mb-0 h4 mt-1"
            >
              Ui Spec 7
            </p>
          </div>
          <div
            className="col-2 text-right"
          >
            <span
              aria-hidden="true"
              className="txtGold gcBold d-inline-block align-middle h2 mb-0"
              onClick={[Function]}
            >
              <svg
                aria-hidden="true"
                className="svg-inline--fa fa-plus "
                data-icon="plus"
                data-prefix="fas"
                focusable="false"
                role="img"
                style={{}}
                viewBox="0 0 448 512"
                xmlns="http://www.w3.org/2000/svg"
              >
                <path
                  d="M240 80c0-17.7-14.3-32-32-32s-32 14.3-32 32V224H32c-17.7 0-32 14.3-32 32s14.3 32 32 32H176V432c0 17.7 14.3 32 32 32s32-14.3 32-32V288H384c17.7 0 32-14.3 32-32s-14.3-32-32-32H240V80z"
                  fill="currentColor"
                  style={{}}
                />
              </svg>
            </span>
          </div>
        </div>
      </section>
    </div>
    <div
      className="col-12"
    >
      <section
        aria-hidden="true"
        className="w-100  colapStyle"
        onClick={[Function]}
      >
        <div
          className="row"
        >
          <div
            className="col-10"
          >
            <p
              className="gcLight mb-0 h4 mt-1"
            >
              Ui Spec 8
            </p>
          </div>
          <div
            className="col-2 text-right"
          >
            <span
              aria-hidden="true"
              className="txtGold gcBold d-inline-block align-middle h2 mb-0"
              onClick={[Function]}
            >
              <svg
                aria-hidden="true"
                className="svg-inline--fa fa-plus "
                data-icon="plus"
                data-prefix="fas"
                focusable="false"
                role="img"
                style={{}}
                viewBox="0 0 448 512"
                xmlns="http://www.w3.org/2000/svg"
              >
                <path
                  d="M240 80c0-17.7-14.3-32-32-32s-32 14.3-32 32V224H32c-17.7 0-32 14.3-32 32s14.3 32 32 32H176V432c0 17.7 14.3 32 32 32s32-14.3 32-32V288H384c17.7 0 32-14.3 32-32s-14.3-32-32-32H240V80z"
                  fill="currentColor"
                  style={{}}
                />
              </svg>
            </span>
          </div>
        </div>
      </section>
    </div>
  </div>
</div>
`;
